2026-07-28 16:40:50,407 - INFO - {"timestamp": "2026-07-28T19:40:50.407648Z", "agent": "TestAgent", "action": "UNIT_TEST", "target": "TestTarget", "status": "SUCCESS", "details": {"key": "val"}}
2026-07-28 16:40:55,945 - INFO - {"timestamp": "2026-07-28T19:40:55.945169Z", "agent": "HealthChecker", "action": "SYSTEM_HEALTH_CHECK", "target": "System", "status": "SUCCESS", "details": {}}
2026-07-28 16:40:55,947 - INFO - {"timestamp": "2026-07-28T19:40:55.947103Z", "agent": "Explorer", "action": "READ_QUERY", "target": "databricks", "status": "DENIED", "details": {"query": "DROP TABLE bakehouse.sales_customers"}}
2026-07-28 16:40:56,300 - INFO - {"timestamp": "2026-07-28T19:40:56.300194Z", "agent": "Analyst", "action": "LOCAL_TICKET_CREATE", "target": "TICKET-4812", "status": "SUCCESS", "details": {}}
2026-07-28 16:41:05,844 - INFO - {"timestamp": "2026-07-28T19:41:05.844724+00:00", "agent": "TestAgent", "action": "UNIT_TEST", "target": "TestTarget", "status": "SUCCESS", "details": {"key": "val"}}
2026-07-28 16:41:10,379 - INFO - {"timestamp": "2026-07-28T19:41:10.379430+00:00", "agent": "HealthChecker", "action": "SYSTEM_HEALTH_CHECK", "target": "System", "status": "SUCCESS", "details": {}}
2026-07-28 16:41:10,382 - INFO - {"timestamp": "2026-07-28T19:41:10.382212+00:00", "agent": "Explorer", "action": "READ_QUERY", "target": "databricks", "status": "DENIED", "details": {"query": "DROP TABLE bakehouse.sales_customers"}}
2026-07-28 16:41:10,644 - INFO - {"timestamp": "2026-07-28T19:41:10.644737+00:00", "agent": "Analyst", "action": "LOCAL_TICKET_CREATE", "target": "TICKET-0E3A", "status": "SUCCESS", "details": {}}
2026-07-28 16:51:08,283 - INFO - {"timestamp": "2026-07-28T19:51:08.283221+00:00", "agent": "TestAgent", "action": "UNIT_TEST", "target": "TestTarget", "status": "SUCCESS", "details": {"key": "val"}}
2026-07-28 16:51:13,328 - INFO - {"timestamp": "2026-07-28T19:51:13.328574+00:00", "agent": "HealthChecker", "action": "SYSTEM_HEALTH_CHECK", "target": "System", "status": "SUCCESS", "details": {}}
2026-07-28 16:51:13,330 - INFO - {"timestamp": "2026-07-28T19:51:13.330274+00:00", "agent": "Explorer", "action": "READ_QUERY", "target": "databricks", "status": "DENIED", "details": {"query": "DROP TABLE bakehouse.sales_customers"}}
2026-07-28 16:51:13,658 - INFO - {"timestamp": "2026-07-28T19:51:13.658666+00:00", "agent": "Analyst", "action": "LOCAL_TICKET_CREATE", "target": "TICKET-E940", "status": "SUCCESS", "details": {}}
2026-07-28 16:58:09,363 - INFO - {"timestamp": "2026-07-28T19:58:09.362953+00:00", "agent": "TestAgent", "action": "UNIT_TEST", "target": "TestTarget", "status": "SUCCESS", "details": {"key": "val"}}
2026-07-28 16:58:14,147 - INFO - {"timestamp": "2026-07-28T19:58:14.147035+00:00", "agent": "HealthChecker", "action": "SYSTEM_HEALTH_CHECK", "target": "System", "status": "SUCCESS", "details": {}}
2026-07-28 16:58:14,149 - INFO - {"timestamp": "2026-07-28T19:58:14.149145+00:00", "agent": "Explorer", "action": "READ_QUERY", "target": "databricks", "status": "DENIED", "details": {"query": "DROP TABLE bakehouse.sales_customers"}}
2026-07-28 16:58:14,464 - INFO - {"timestamp": "2026-07-28T19:58:14.464676+00:00", "agent": "Analyst", "action": "LOCAL_TICKET_CREATE", "target": "TICKET-891F", "status": "SUCCESS", "details": {}}
2026-07-28 16:58:14,465 - INFO - {"timestamp": "2026-07-28T19:58:14.465152+00:00", "agent": "NotificationManager", "action": "ALERT_TEST_EVENT", "target": "maximilianonaranjo@gmail.com", "status": "SUCCESS", "details": {"channels": ["email"], "subject": "Alerta de Prueba Unitarias"}}
2026-07-28 17:07:35,899 - INFO - {"timestamp": "2026-07-28T20:07:35.899394+00:00", "agent": "TestAgent", "action": "UNIT_TEST", "target": "TestTarget", "status": "SUCCESS", "details": {"key": "val"}}
2026-07-28 17:07:41,139 - INFO - {"timestamp": "2026-07-28T20:07:41.139586+00:00", "agent": "HealthChecker", "action": "SYSTEM_HEALTH_CHECK", "target": "System", "status": "SUCCESS", "details": {}}
2026-07-28 17:07:41,142 - INFO - {"timestamp": "2026-07-28T20:07:41.141982+00:00", "agent": "Explorer", "action": "READ_QUERY", "target": "databricks", "status": "DENIED", "details": {"query": "DROP TABLE bakehouse.sales_customers"}}
2026-07-28 17:07:41,467 - INFO - {"timestamp": "2026-07-28T20:07:41.467900+00:00", "agent": "Analyst", "action": "LOCAL_TICKET_CREATE", "target": "TICKET-9640", "status": "SUCCESS", "details": {}}
2026-07-28 17:07:44,110 - INFO - {"timestamp": "2026-07-28T20:07:44.110432+00:00", "agent": "NotificationManager", "action": "ALERT_TEST_EVENT", "target": "maximilianonaranjo@gmail.com", "status": "SUCCESS", "details": {"channels": ["email"], "subject": "Alerta de Prueba Unitarias"}}
2026-07-28 17:09:00,733 - INFO - {"timestamp": "2026-07-28T20:09:00.733205+00:00", "agent": "NotificationManager", "action": "ALERT_TEST_LIVE", "target": "maximilianonaranjo@gmail.com", "status": "SUCCESS", "details": {"channels": ["email"], "subject": "Prueba de Notificación en Vivo - Data Workflow Team"}}
2026-07-28 17:11:01,136 - INFO - {"timestamp": "2026-07-28T20:11:01.136531+00:00", "agent": "Analyst", "action": "LOCAL_TICKET_CREATE", "target": "TICKET-D8BB", "status": "SUCCESS", "details": {}}
2026-07-28 17:11:01,137 - INFO - {"timestamp": "2026-07-28T20:11:01.137733+00:00", "agent": "Analyst", "action": "GENERATE_DOC", "target": "C:\\Users\\Dicsys\\Data Workflow Multiagente\\docs\\especificacion_vista_gold_resumen_franquicias.md", "status": "SUCCESS", "details": {}}
2026-07-28 17:11:01,173 - INFO - {"timestamp": "2026-07-28T20:11:01.173670+00:00", "agent": "Engineer", "action": "GIT_CHECKOUT", "target": "feature/vista-gold-resumen-franquicias", "status": "FAILED", "details": {"error": "fatal: not a git repository (or any of the parent directories): .git"}}
2026-07-28 17:11:01,175 - INFO - {"timestamp": "2026-07-28T20:11:01.175137+00:00", "agent": "FileSystem", "action": "FILE_WRITE", "target": "models/views/gold_resumen_franquicias.sql", "status": "SUCCESS", "details": {}}
2026-07-28 17:11:07,304 - INFO - {"timestamp": "2026-07-28T20:11:07.304064+00:00", "agent": "Engineer", "action": "DDL_MUTATION", "target": "Databricks Bakehouse", "status": "FAILED", "details": {"error": "[UNRESOLVED_COLUMN.WITH_SUGGESTION] A column, variable, or function parameter with name `franchise_id` cannot be resolved. Did you mean one of the following? [`franchiseID`, `dateTime`, `quantity`, `transactionID`, `cardNumber`]. SQLSTATE: 42703; line 4 pos 4"}}
2026-07-28 17:11:07,390 - INFO - {"timestamp": "2026-07-28T20:11:07.390538+00:00", "agent": "Engineer", "action": "GIT_COMMIT", "target": "Add model SQL for gold_resumen", "status": "FAILED", "details": {"error": "fatal: not a git repository (or any of the parent directories): .git"}}
2026-07-28 17:11:07,422 - INFO - {"timestamp": "2026-07-28T20:11:07.422362+00:00", "agent": "Engineer", "action": "GIT_PUSH", "target": "feature/vista-gold-resumen-franquicias", "status": "FAILED", "details": {"error": "fatal: not a git repository (or any of the parent directories): .git"}}
2026-07-28 17:11:07,988 - INFO - {"timestamp": "2026-07-28T20:11:07.988257+00:00", "agent": "Engineer", "action": "GITHUB_PR_CREATE", "target": "feature/vista-gold-resumen-franquicias", "status": "FAILED", "details": {"status": 422}}
2026-07-28 17:11:14,681 - INFO - {"timestamp": "2026-07-28T20:11:14.681712+00:00", "agent": "Explorer", "action": "READ_QUERY", "target": "Databricks Bakehouse", "status": "FAILED", "details": {"error": "[TABLE_OR_VIEW_NOT_FOUND] The table or view `bakehouse`.`gold_resumen_franquicias` cannot be found. Verify the spelling and correctness of the schema and catalog.\nSearch path: [`system`.`session`, `system`.`builtin`, `system`.`ai`, `workspace`.`default`].\nIf you did not qualify the name with a schema, verify the current_schema() output, or qualify the name with the correct schema and catalog.\nTo tolerate the error on drop use DROP VIEW IF EXISTS or DROP TABLE IF EXISTS. SQLSTATE: 42P01; line 1 pos 14"}}
2026-07-28 17:11:17,803 - INFO - {"timestamp": "2026-07-28T20:11:17.802941+00:00", "agent": "NotificationManager", "action": "ALERT_PRODUCTION_RELEASE", "target": "maximilianonaranjo@gmail.com", "status": "SUCCESS", "details": {"channels": ["email"], "subject": "LIBERACION A PRODUCCION: PR Fusionado a Main"}}
2026-07-28 17:12:14,648 - INFO - {"timestamp": "2026-07-28T20:12:14.648037+00:00", "agent": "Analyst", "action": "LOCAL_TICKET_CREATE", "target": "TICKET-2BFA", "status": "SUCCESS", "details": {}}
2026-07-28 17:12:14,649 - INFO - {"timestamp": "2026-07-28T20:12:14.649312+00:00", "agent": "Analyst", "action": "GENERATE_DOC", "target": "C:\\Users\\Dicsys\\Data Workflow Multiagente\\docs\\especificacion_vista_gold_resumen_franquicias.md", "status": "SUCCESS", "details": {}}
2026-07-28 17:12:14,702 - INFO - {"timestamp": "2026-07-28T20:12:14.702887+00:00", "agent": "Engineer", "action": "GIT_CHECKOUT", "target": "feature/vista-gold-resumen-franquicias-v2", "status": "SUCCESS", "details": {}}
2026-07-28 17:12:17,677 - INFO - {"timestamp": "2026-07-28T20:12:17.676889+00:00", "agent": "NotificationManager", "action": "ALERT_GIT_BRANCH", "target": "maximilianonaranjo@gmail.com", "status": "SUCCESS", "details": {"channels": ["email"], "subject": "🌿 Nueva Rama Git Creada: feature/vista-gold-resumen-franquicias-v2"}}
2026-07-28 17:12:17,678 - INFO - {"timestamp": "2026-07-28T20:12:17.678864+00:00", "agent": "FileSystem", "action": "FILE_WRITE", "target": "models/views/gold_resumen_franquicias.sql", "status": "SUCCESS", "details": {}}
2026-07-28 17:12:20,949 - INFO - {"timestamp": "2026-07-28T20:12:20.949117+00:00", "agent": "Engineer", "action": "DDL_MUTATION", "target": "Databricks Bakehouse", "status": "FAILED", "details": {"error": "[UNRESOLVED_COLUMN.WITH_SUGGESTION] A column, variable, or function parameter with name `total_amount` cannot be resolved. Did you mean one of the following? [`totalPrice`, `cardNumber`, `dateTime`, `product`, `quantity`]. SQLSTATE: 42703; line 5 pos 8"}}
2026-07-28 17:12:21,113 - INFO - {"timestamp": "2026-07-28T20:12:21.113684+00:00", "agent": "Engineer", "action": "GIT_COMMIT", "target": "Add model SQL for gold_resumen", "status": "SUCCESS", "details": {}}
2026-07-28 17:12:27,237 - INFO - {"timestamp": "2026-07-28T20:12:27.236938+00:00", "agent": "Engineer", "action": "GIT_PUSH", "target": "feature/vista-gold-resumen-franquicias-v2", "status": "SUCCESS", "details": {}}
2026-07-28 17:12:27,841 - INFO - {"timestamp": "2026-07-28T20:12:27.841171+00:00", "agent": "Engineer", "action": "GITHUB_PR_CREATE", "target": "feature/vista-gold-resumen-franquicias-v2", "status": "FAILED", "details": {"status": 422}}
2026-07-28 17:12:29,211 - INFO - {"timestamp": "2026-07-28T20:12:29.211352+00:00", "agent": "Explorer", "action": "READ_QUERY", "target": "Databricks Bakehouse", "status": "FAILED", "details": {"error": "[TABLE_OR_VIEW_NOT_FOUND] The table or view `bakehouse`.`gold_resumen_franquicias` cannot be found. Verify the spelling and correctness of the schema and catalog.\nSearch path: [`system`.`session`, `system`.`builtin`, `system`.`ai`, `workspace`.`default`].\nIf you did not qualify the name with a schema, verify the current_schema() output, or qualify the name with the correct schema and catalog.\nTo tolerate the error on drop use DROP VIEW IF EXISTS or DROP TABLE IF EXISTS. SQLSTATE: 42P01; line 1 pos 14"}}
2026-07-28 17:12:32,218 - INFO - {"timestamp": "2026-07-28T20:12:32.218753+00:00", "agent": "NotificationManager", "action": "ALERT_PRODUCTION_RELEASE", "target": "maximilianonaranjo@gmail.com", "status": "SUCCESS", "details": {"channels": ["email"], "subject": "LIBERACION A PRODUCCION: PR Fusionado a Main"}}
2026-07-28 17:12:52,459 - INFO - {"timestamp": "2026-07-28T20:12:52.459783+00:00", "agent": "Analyst", "action": "LOCAL_TICKET_CREATE", "target": "TICKET-DEF3", "status": "SUCCESS", "details": {}}
2026-07-28 17:12:52,460 - INFO - {"timestamp": "2026-07-28T20:12:52.460525+00:00", "agent": "Analyst", "action": "GENERATE_DOC", "target": "C:\\Users\\Dicsys\\Data Workflow Multiagente\\docs\\especificacion_vista_gold_resumen_franquicias.md", "status": "SUCCESS", "details": {}}
2026-07-28 17:12:52,509 - INFO - {"timestamp": "2026-07-28T20:12:52.509375+00:00", "agent": "Engineer", "action": "GIT_CHECKOUT", "target": "feature/vista-gold-resumen-franquicias-v3", "status": "SUCCESS", "details": {}}
2026-07-28 17:12:55,369 - INFO - {"timestamp": "2026-07-28T20:12:55.369671+00:00", "agent": "NotificationManager", "action": "ALERT_GIT_BRANCH", "target": "maximilianonaranjo@gmail.com", "status": "SUCCESS", "details": {"channels": ["email"], "subject": "🌿 Nueva Rama Git Creada: feature/vista-gold-resumen-franquicias-v3"}}
2026-07-28 17:12:55,370 - INFO - {"timestamp": "2026-07-28T20:12:55.370799+00:00", "agent": "FileSystem", "action": "FILE_WRITE", "target": "models/views/gold_resumen_franquicias.sql", "status": "SUCCESS", "details": {}}
2026-07-28 17:12:59,353 - INFO - {"timestamp": "2026-07-28T20:12:59.353361+00:00", "agent": "Engineer", "action": "DDL_MUTATION", "target": "Databricks Bakehouse", "status": "SUCCESS", "details": {"query_snippet": "-- Vista Analitica Gold Resumen Franquicias\nCREATE OR REPLACE VIEW bakehouse.gold_resumen_franquicia"}}
2026-07-28 17:12:59,478 - INFO - {"timestamp": "2026-07-28T20:12:59.478473+00:00", "agent": "Engineer", "action": "GIT_COMMIT", "target": "Add model SQL for gold_resumen", "status": "SUCCESS", "details": {}}
2026-07-28 17:13:01,654 - INFO - {"timestamp": "2026-07-28T20:13:01.654588+00:00", "agent": "Engineer", "action": "GIT_PUSH", "target": "feature/vista-gold-resumen-franquicias-v3", "status": "SUCCESS", "details": {}}
2026-07-28 17:13:02,960 - INFO - {"timestamp": "2026-07-28T20:13:02.960407+00:00", "agent": "Engineer", "action": "GITHUB_PR_CREATE", "target": "https://github.com/OrangeMaxi/Data-Workflow-Multiagente/pull/1", "status": "SUCCESS", "details": {}}
2026-07-28 17:13:05,918 - INFO - {"timestamp": "2026-07-28T20:13:05.918341+00:00", "agent": "NotificationManager", "action": "ALERT_GIT_PR", "target": "maximilianonaranjo@gmail.com", "status": "SUCCESS", "details": {"channels": ["email"], "subject": "📦 Nuevo Pull Request Creado: Feature: Vista Analitica Gold Resumen Franquicias v3"}}
2026-07-28 17:13:13,813 - INFO - {"timestamp": "2026-07-28T20:13:13.813823+00:00", "agent": "Explorer", "action": "READ_QUERY", "target": "Databricks Bakehouse", "status": "SUCCESS", "details": {"rows_total": 4}}
2026-07-28 17:13:17,379 - INFO - {"timestamp": "2026-07-28T20:13:17.379785+00:00", "agent": "NotificationManager", "action": "ALERT_PRODUCTION_RELEASE", "target": "maximilianonaranjo@gmail.com", "status": "SUCCESS", "details": {"channels": ["email"], "subject": "LIBERACION A PRODUCCION: PR Fusionado a Main"}}
2026-07-28 17:31:22,847 - INFO - {"timestamp": "2026-07-28T20:31:22.847841+00:00", "agent": "Analyst", "action": "TRELLO_CARD_CREATE", "target": "6a69119adf4bfea869c7119d", "status": "SUCCESS", "details": {}}
2026-07-28 17:31:22,852 - INFO - {"timestamp": "2026-07-28T20:31:22.851976+00:00", "agent": "Analyst", "action": "GENERATE_DOC", "target": "C:\\Users\\Dicsys\\Data Workflow Multiagente\\docs\\especificacion_vista_gold_resumen_franquicias.md", "status": "SUCCESS", "details": {}}
2026-07-28 17:31:22,940 - INFO - {"timestamp": "2026-07-28T20:31:22.940312+00:00", "agent": "Engineer", "action": "GIT_CHECKOUT", "target": "feature/vista-gold-resumen-franquicias-v3", "status": "SUCCESS", "details": {}}
